 Image nursing/operations-service:local Building 
#1 [internal] load local bake definitions
#1 reading from stdin 646B done
#1 DONE 0.0s

#2 [internal] load build definition from Dockerfile
#2 transferring dockerfile: 2.02kB done
#2 DONE 0.0s

#3 resolve image config for docker-image://docker.io/docker/dockerfile:1.7
#3 DONE 0.2s

#4 docker-image://docker.io/docker/dockerfile:1.7@sha256:a57df69d0ea827fb7266491f2813635de6f17269be881f696fbfdf2d83dda33e
#4 resolve docker.io/docker/dockerfile:1.7@sha256:a57df69d0ea827fb7266491f2813635de6f17269be881f696fbfdf2d83dda33e 0.0s done
#4 CACHED

#5 [internal] load metadata for docker.io/library/eclipse-temurin:21-jre
#5 DONE 0.3s

#6 [internal] load metadata for docker.io/library/maven:3.9.9-eclipse-temurin-21
#6 DONE 0.3s

#7 [internal] load .dockerignore
#7 transferring context: 536B 0.0s done
#7 DONE 0.0s

#8 [internal] load build context
#8 DONE 0.0s

#9 [build  1/16] FROM docker.io/library/maven:3.9.9-eclipse-temurin-21@sha256:3a4ab3276a087bf276f79cae96b1af04f53731bec53fb2e651aca79e4b10211e
#9 resolve docker.io/library/maven:3.9.9-eclipse-temurin-21@sha256:3a4ab3276a087bf276f79cae96b1af04f53731bec53fb2e651aca79e4b10211e
#9 resolve docker.io/library/maven:3.9.9-eclipse-temurin-21@sha256:3a4ab3276a087bf276f79cae96b1af04f53731bec53fb2e651aca79e4b10211e 0.1s done
#9 DONE 0.1s

#10 [stage-1 1/5] FROM docker.io/library/eclipse-temurin:21-jre@sha256:d2b9f8f12212cadcfdf889461531784e8fd097feade954d65b31ee7a71c473ec
#10 resolve docker.io/library/eclipse-temurin:21-jre@sha256:d2b9f8f12212cadcfdf889461531784e8fd097feade954d65b31ee7a71c473ec 0.1s done
#10 DONE 0.1s

#11 [stage-1 2/5] WORKDIR /app
#11 CACHED

#12 [stage-1 3/5] RUN groupadd --gid 10001 appgroup && useradd --uid 10001 --gid appgroup --shell /usr/sbin/nologin --create-home appuser && chown -R appuser:appgroup /app
#12 CACHED

#8 [internal] load build context
#8 transferring context: 23.32kB 0.0s done
#8 DONE 0.0s

#13 [build  6/16] COPY nursing-gateway/pom.xml ./nursing-gateway/
#13 CACHED

#14 [build  2/16] WORKDIR /workspace
#14 CACHED

#15 [build  3/16] COPY .mvn ./.mvn
#15 CACHED

#16 [build  4/16] COPY pom.xml ./
#16 CACHED

#17 [build  5/16] COPY nursing-common/pom.xml ./nursing-common/
#17 CACHED

#18 [build 12/16] RUN --mount=type=cache,id=nursing-operations-service-maven-repo,target=/root/.m2 mvn --batch-mode --no-transfer-progress dependency:go-offline -pl nursing-operations-service -am
#18 CACHED

#19 [build  7/16] COPY nursing-user-service/pom.xml ./nursing-user-service/
#19 CACHED

#20 [build  8/16] COPY nursing-catalog-service/pom.xml ./nursing-catalog-service/
#20 CACHED

#21 [build 10/16] COPY nursing-feedback-service/pom.xml ./nursing-feedback-service/
#21 CACHED

#22 [build  9/16] COPY nursing-order-service/pom.xml ./nursing-order-service/
#22 CACHED

#23 [build 11/16] COPY nursing-operations-service/pom.xml ./nursing-operations-service/
#23 CACHED

#24 [build 13/16] COPY nursing-common/src ./nursing-common/src/
#24 CACHED

#25 [build 14/16] COPY nursing-operations-service/src ./nursing-operations-service/src/
#25 DONE 0.1s

#26 [build 15/16] COPY docker-compose/Healthcheck.java ./Healthcheck.java
#26 DONE 0.2s

#27 [build 16/16] RUN --mount=type=cache,id=nursing-operations-service-maven-repo,target=/root/.m2 javac -d /workspace/healthcheck /workspace/Healthcheck.java && mvn --batch-mode --no-transfer-progress -pl nursing-operations-service -am -Dmaven.test.skip=true -DskipTests package
#27 1.797 [INFO] Scanning for projects...
#27 2.114 [INFO] ------------------------------------------------------------------------
#27 2.114 [INFO] Reactor Build Order:
#27 2.114 [INFO] 
#27 2.116 [INFO] Nursing Platform                                                   [pom]
#27 2.116 [INFO] nursing-common                                                     [jar]
#27 2.116 [INFO] nursing-operations-service                                         [jar]
#27 2.124 [INFO] 
#27 2.124 [INFO] --------------------< com.nursing:nursing-platform >--------------------
#27 2.124 [INFO] Building Nursing Platform 1.0.0-SNAPSHOT                           [1/3]
#27 2.124 [INFO]   from pom.xml
#27 2.124 [INFO] --------------------------------[ pom ]---------------------------------
#27 2.126 [INFO] 
#27 2.126 [INFO] ---------------------< com.nursing:nursing-common >---------------------
#27 2.126 [INFO] Building nursing-common 1.0.0-SNAPSHOT                             [2/3]
#27 2.127 [INFO]   from nursing-common/pom.xml
#27 2.127 [INFO] --------------------------------[ jar ]---------------------------------
#27 2.406 [INFO] 
#27 2.406 [INFO] --- resources:3.3.1:resources (default-resources) @ nursing-common ---
#27 2.523 [INFO] skip non existing resourceDirectory /workspace/nursing-common/src/main/resources
#27 2.523 [INFO] skip non existing resourceDirectory /workspace/nursing-common/src/main/resources
#27 2.524 [INFO] 
#27 2.524 [INFO] --- compiler:3.14.0:compile (default-compile) @ nursing-common ---
#27 2.698 [INFO] Recompiling the module because of changed source code.
#27 2.707 [INFO] Compiling 19 source files with javac [debug parameters release 21] to target/classes
#27 3.761 [INFO] 
#27 3.761 [INFO] --- resources:3.3.1:testResources (default-testResources) @ nursing-common ---
#27 3.769 [INFO] Not copying test resources
#27 3.769 [INFO] 
#27 3.769 [INFO] --- compiler:3.14.0:testCompile (default-testCompile) @ nursing-common ---
#27 3.776 [INFO] Not compiling test sources
#27 3.776 [INFO] 
#27 3.776 [INFO] --- surefire:3.5.3:test (default-test) @ nursing-common ---
#27 3.865 [INFO] Tests are skipped.
#27 3.865 [INFO] 
#27 3.865 [INFO] --- jar:3.4.2:jar (default-jar) @ nursing-common ---
#27 4.077 [INFO] Building jar: /workspace/nursing-common/target/nursing-common-1.0.0-SNAPSHOT.jar
#27 4.119 [INFO] 
#27 4.119 [INFO] ---------------< com.nursing:nursing-operations-service >---------------
#27 4.119 [INFO] Building nursing-operations-service 1.0.0-SNAPSHOT                 [3/3]
#27 4.119 [INFO]   from nursing-operations-service/pom.xml
#27 4.119 [INFO] --------------------------------[ jar ]---------------------------------
#27 4.339 [INFO] 
#27 4.339 [INFO] --- resources:3.3.1:resources (default-resources) @ nursing-operations-service ---
#27 4.344 [INFO] Copying 1 resource from src/main/resources to target/classes
#27 4.354 [INFO] Copying 4 resources from src/main/resources to target/classes
#27 4.355 [INFO] 
#27 4.355 [INFO] --- compiler:3.14.0:compile (default-compile) @ nursing-operations-service ---
#27 4.367 [INFO] Recompiling the module because of changed dependency.
#27 4.368 [INFO] Compiling 20 source files with javac [debug parameters release 21] to target/classes
#27 5.161 [INFO] 
#27 5.161 [INFO] --- resources:3.3.1:testResources (default-testResources) @ nursing-operations-service ---
#27 5.164 [INFO] Not copying test resources
#27 5.164 [INFO] 
#27 5.164 [INFO] --- compiler:3.14.0:testCompile (default-testCompile) @ nursing-operations-service ---
#27 5.167 [INFO] Not compiling test sources
#27 5.167 [INFO] 
#27 5.168 [INFO] --- surefire:3.5.3:test (default-test) @ nursing-operations-service ---
#27 5.172 [INFO] Tests are skipped.
#27 5.172 [INFO] 
#27 5.172 [INFO] --- jar:3.4.2:jar (default-jar) @ nursing-operations-service ---
#27 5.181 [INFO] Building jar: /workspace/nursing-operations-service/target/nursing-operations-service-1.0.0-SNAPSHOT.jar
#27 5.200 [INFO] 
#27 5.200 [INFO] --- spring-boot:3.5.0:repackage (repackage) @ nursing-operations-service ---
#27 5.621 [INFO] Replacing main artifact /workspace/nursing-operations-service/target/nursing-operations-service-1.0.0-SNAPSHOT.jar with repackaged archive, adding nested dependencies in BOOT-INF/.
#27 5.621 [INFO] The original artifact has been renamed to /workspace/nursing-operations-service/target/nursing-operations-service-1.0.0-SNAPSHOT.jar.original
#27 5.622 [INFO] ------------------------------------------------------------------------
#27 5.622 [INFO] Reactor Summary for Nursing Platform 1.0.0-SNAPSHOT:
#27 5.622 [INFO] 
#27 5.622 [INFO] Nursing Platform ................................... SUCCESS [  0.002 s]
#27 5.622 [INFO] nursing-common ..................................... SUCCESS [  1.993 s]
#27 5.623 [INFO] nursing-operations-service ......................... SUCCESS [  1.503 s]
#27 5.623 [INFO] ------------------------------------------------------------------------
#27 5.623 [INFO] BUILD SUCCESS
#27 5.623 [INFO] ------------------------------------------------------------------------
#27 5.623 [INFO] Total time:  3.846 s
#27 5.623 [INFO] Finished at: 2026-07-16T02:44:22Z
#27 5.623 [INFO] ------------------------------------------------------------------------
#27 DONE 5.7s

#28 [stage-1 4/5] COPY --from=build --chown=10001:10001 /workspace/healthcheck/Healthcheck.class /app/Healthcheck.class
#28 DONE 0.1s

#29 [stage-1 5/5] COPY --from=build --chown=10001:10001 /workspace/nursing-operations-service/target/nursing-operations-service-*.jar /app/app.jar
#29 DONE 0.2s

#30 exporting to image
#30 exporting layers
#30 exporting layers 2.2s done
#30 exporting manifest sha256:a2e5f93d6cb3c0561a9903b95907c106391be9678bc5ee8e611632f896f36e02 0.0s done
#30 exporting config sha256:f22b9747fd5137c66bde1dd6b15a726db0034d12b56059b6b3af1d978d7d0040 0.0s done
#30 exporting attestation manifest sha256:fa3e5163fc1c326fcf3fa7b1734b9f0b23dc89e457ddf3840a70e38289028865
#30 exporting attestation manifest sha256:fa3e5163fc1c326fcf3fa7b1734b9f0b23dc89e457ddf3840a70e38289028865 0.1s done
#30 exporting manifest list sha256:1903cd84b05162c86ee885344139e1c39c7109fc1b32b5b011f8a481873e1c11 0.0s done
#30 naming to docker.io/nursing/operations-service:local
#30 naming to docker.io/nursing/operations-service:local done
#30 unpacking to docker.io/nursing/operations-service:local
#30 unpacking to docker.io/nursing/operations-service:local 0.5s done
#30 DONE 3.0s

#31 resolving provenance for metadata file
#31 DONE 0.0s
 Image nursing/operations-service:local Built 
