 Image nursing/user-service:local Building 
#1 [internal] load local bake definitions
#1 reading from stdin 616B done
#1 DONE 0.0s

#2 [internal] load build definition from Dockerfile
#2 transferring dockerfile: 2.62kB done
#2 DONE 0.0s

#3 resolve image config for docker-image://docker.io/docker/dockerfile:1.7
#3 DONE 0.3s

#4 docker-image://docker.io/docker/dockerfile:1.7@sha256:a57df69d0ea827fb7266491f2813635de6f17269be881f696fbfdf2d83dda33e
#4 resolve docker.io/docker/dockerfile:1.7@sha256:a57df69d0ea827fb7266491f2813635de6f17269be881f696fbfdf2d83dda33e 0.1s done
#4 CACHED

#5 [internal] load metadata for docker.io/library/maven:3.9.9-eclipse-temurin-21
#5 ...

#6 [internal] load metadata for docker.io/library/eclipse-temurin:21-jre
#6 DONE 0.2s

#5 [internal] load metadata for docker.io/library/maven:3.9.9-eclipse-temurin-21
#5 DONE 1.2s

#7 [internal] load .dockerignore
#7 transferring context: 536B done
#7 DONE 0.0s

#8 [runtime 1/5] FROM docker.io/library/eclipse-temurin:21-jre@sha256:d2b9f8f12212cadcfdf889461531784e8fd097feade954d65b31ee7a71c473ec
#8 resolve docker.io/library/eclipse-temurin:21-jre@sha256:d2b9f8f12212cadcfdf889461531784e8fd097feade954d65b31ee7a71c473ec 0.1s done
#8 DONE 0.1s

#9 [build  1/16] FROM docker.io/library/maven:3.9.9-eclipse-temurin-21@sha256:3a4ab3276a087bf276f79cae96b1af04f53731bec53fb2e651aca79e4b10211e
#9 resolve docker.io/library/maven:3.9.9-eclipse-temurin-21@sha256:3a4ab3276a087bf276f79cae96b1af04f53731bec53fb2e651aca79e4b10211e 0.1s done
#9 DONE 0.1s

#10 [internal] load build context
#10 transferring context: 250.98kB 0.1s done
#10 DONE 0.1s

#11 [build  6/16] COPY nursing-gateway/pom.xml ./nursing-gateway/
#11 CACHED

#12 [build  3/16] COPY .mvn ./.mvn
#12 CACHED

#13 [build 10/16] COPY nursing-feedback-service/pom.xml ./nursing-feedback-service/
#13 CACHED

#14 [build  8/16] COPY nursing-catalog-service/pom.xml ./nursing-catalog-service/
#14 CACHED

#15 [build 11/16] COPY nursing-operations-service/pom.xml ./nursing-operations-service/
#15 CACHED

#16 [build  7/16] COPY nursing-user-service/pom.xml ./nursing-user-service/
#16 CACHED

#17 [build  4/16] COPY pom.xml ./
#17 CACHED

#18 [build  5/16] COPY nursing-common/pom.xml ./nursing-common/
#18 CACHED

#19 [build 12/16] RUN --mount=type=cache,id=nursing-user-service-maven-repo,target=/root/.m2     mvn --batch-mode --no-transfer-progress dependency:go-offline         -pl nursing-user-service -am
#19 CACHED

#20 [build  2/16] WORKDIR /workspace
#20 CACHED

#21 [build  9/16] COPY nursing-order-service/pom.xml ./nursing-order-service/
#21 CACHED

#22 [build 13/16] COPY nursing-common/src ./nursing-common/src/
#22 CACHED

#23 [build 14/16] COPY nursing-user-service/src ./nursing-user-service/src/
#23 DONE 0.1s

#24 [build 15/16] COPY docker-compose/Healthcheck.java ./Healthcheck.java
#24 DONE 0.2s

#25 [build 16/16] RUN --mount=type=cache,id=nursing-user-service-maven-repo,target=/root/.m2     javac -d /workspace/healthcheck /workspace/Healthcheck.java &&     mvn --batch-mode --no-transfer-progress -pl nursing-user-service -am         -Dmaven.test.skip=true -DskipTests package
#25 1.851 [INFO] Scanning for projects...
#25 2.186 [INFO] ------------------------------------------------------------------------
#25 2.186 [INFO] Reactor Build Order:
#25 2.186 [INFO] 
#25 2.187 [INFO] Nursing Platform                                                   [pom]
#25 2.188 [INFO] nursing-common                                                     [jar]
#25 2.188 [INFO] nursing-user-service                                               [jar]
#25 2.199 [INFO] 
#25 2.199 [INFO] --------------------< com.nursing:nursing-platform >--------------------
#25 2.199 [INFO] Building Nursing Platform 1.0.0-SNAPSHOT                           [1/3]
#25 2.199 [INFO]   from pom.xml
#25 2.199 [INFO] --------------------------------[ pom ]---------------------------------
#25 2.201 [INFO] 
#25 2.201 [INFO] ---------------------< com.nursing:nursing-common >---------------------
#25 2.201 [INFO] Building nursing-common 1.0.0-SNAPSHOT                             [2/3]
#25 2.201 [INFO]   from nursing-common/pom.xml
#25 2.201 [INFO] --------------------------------[ jar ]---------------------------------
#25 2.498 [INFO] 
#25 2.498 [INFO] --- resources:3.3.1:resources (default-resources) @ nursing-common ---
#25 2.629 [INFO] skip non existing resourceDirectory /workspace/nursing-common/src/main/resources
#25 2.629 [INFO] skip non existing resourceDirectory /workspace/nursing-common/src/main/resources
#25 2.630 [INFO] 
#25 2.630 [INFO] --- compiler:3.14.0:compile (default-compile) @ nursing-common ---
#25 2.790 [INFO] Recompiling the module because of changed source code.
#25 2.796 [INFO] Compiling 19 source files with javac [debug parameters release 21] to target/classes
#25 3.953 [INFO] 
#25 3.953 [INFO] --- resources:3.3.1:testResources (default-testResources) @ nursing-common ---
#25 3.961 [INFO] Not copying test resources
#25 3.961 [INFO] 
#25 3.961 [INFO] --- compiler:3.14.0:testCompile (default-testCompile) @ nursing-common ---
#25 3.968 [INFO] Not compiling test sources
#25 3.968 [INFO] 
#25 3.968 [INFO] --- surefire:3.5.3:test (default-test) @ nursing-common ---
#25 4.066 [INFO] Tests are skipped.
#25 4.066 [INFO] 
#25 4.066 [INFO] --- jar:3.4.2:jar (default-jar) @ nursing-common ---
#25 4.289 [INFO] Building jar: /workspace/nursing-common/target/nursing-common-1.0.0-SNAPSHOT.jar
#25 4.334 [INFO] 
#25 4.335 [INFO] ------------------< com.nursing:nursing-user-service >------------------
#25 4.335 [INFO] Building nursing-user-service 1.0.0-SNAPSHOT                       [3/3]
#25 4.335 [INFO]   from nursing-user-service/pom.xml
#25 4.335 [INFO] --------------------------------[ jar ]---------------------------------
#25 4.586 [INFO] 
#25 4.586 [INFO] --- resources:3.3.1:resources (default-resources) @ nursing-user-service ---
#25 4.594 [INFO] Copying 1 resource from src/main/resources to target/classes
#25 4.609 [INFO] Copying 9 resources from src/main/resources to target/classes
#25 4.611 [INFO] 
#25 4.611 [INFO] --- compiler:3.14.0:compile (default-compile) @ nursing-user-service ---
#25 4.627 [INFO] Recompiling the module because of changed dependency.
#25 4.629 [INFO] Compiling 66 source files with javac [debug parameters release 21] to target/classes
#25 5.933 [INFO] 
#25 5.933 [INFO] --- resources:3.3.1:testResources (default-testResources) @ nursing-user-service ---
#25 5.936 [INFO] Not copying test resources
#25 5.936 [INFO] 
#25 5.936 [INFO] --- compiler:3.14.0:testCompile (default-testCompile) @ nursing-user-service ---
#25 5.939 [INFO] Not compiling test sources
#25 5.940 [INFO] 
#25 5.940 [INFO] --- surefire:3.5.3:test (default-test) @ nursing-user-service ---
#25 5.943 [INFO] Tests are skipped.
#25 5.943 [INFO] 
#25 5.943 [INFO] --- jar:3.4.2:jar (default-jar) @ nursing-user-service ---
#25 5.956 [INFO] Building jar: /workspace/nursing-user-service/target/nursing-user-service-1.0.0-SNAPSHOT.jar
#25 5.979 [INFO] 
#25 5.979 [INFO] --- spring-boot:3.5.0:repackage (repackage) @ nursing-user-service ---
#25 6.349 [INFO] Replacing main artifact /workspace/nursing-user-service/target/nursing-user-service-1.0.0-SNAPSHOT.jar with repackaged archive, adding nested dependencies in BOOT-INF/.
#25 6.349 [INFO] The original artifact has been renamed to /workspace/nursing-user-service/target/nursing-user-service-1.0.0-SNAPSHOT.jar.original
#25 6.349 [INFO] ------------------------------------------------------------------------
#25 6.349 [INFO] Reactor Summary for Nursing Platform 1.0.0-SNAPSHOT:
#25 6.349 [INFO] 
#25 6.350 [INFO] Nursing Platform ................................... SUCCESS [  0.002 s]
#25 6.350 [INFO] nursing-common ..................................... SUCCESS [  2.134 s]
#25 6.350 [INFO] nursing-user-service ............................... SUCCESS [  2.015 s]
#25 6.350 [INFO] ------------------------------------------------------------------------
#25 6.350 [INFO] BUILD SUCCESS
#25 6.350 [INFO] ------------------------------------------------------------------------
#25 6.350 [INFO] Total time:  4.518 s
#25 6.350 [INFO] Finished at: 2026-07-16T02:52:03Z
#25 6.350 [INFO] ------------------------------------------------------------------------
#25 DONE 6.5s

#26 [runtime 3/5] RUN groupadd --gid 10001 appgroup && useradd --uid 10001 --gid appgroup --shell /usr/sbin/nologin --create-home appuser &&     mkdir -p /app/data/uploads && chown -R appuser:appgroup /app
#26 CACHED

#27 [runtime 2/5] WORKDIR /app
#27 CACHED

#28 [runtime 4/5] COPY --from=build --chown=10001:10001 /workspace/healthcheck/Healthcheck.class /app/Healthcheck.class
#28 CACHED

#29 [runtime 5/5] COPY --from=build --chown=10001:10001 /workspace/nursing-user-service/target/nursing-user-service-*.jar /app/app.jar
#29 DONE 0.2s

#30 exporting to image
#30 exporting layers
#30 exporting layers 1.7s done
#30 exporting manifest sha256:3d014c326adca830cd1a2b4e653455a27921f42879f95f686a81438daad9f520 0.0s done
#30 exporting config sha256:de7ec59a82f233157a3bd08f54acdd7fe9e1e6042e28141c5d008060f3dd08c7 0.0s done
#30 exporting attestation manifest sha256:f14c0a36ee6a63fe12a4d6fafd4ff8e59b03675719f7c77f76e028e2b4d88141
#30 exporting attestation manifest sha256:f14c0a36ee6a63fe12a4d6fafd4ff8e59b03675719f7c77f76e028e2b4d88141 0.1s done
#30 exporting manifest list sha256:67960568124f29ae5a02c6803da7fe326ceafa6b464b1709e77d274fb42b27fd 0.0s done
#30 naming to docker.io/nursing/user-service:local done
#30 unpacking to docker.io/nursing/user-service:local
#30 unpacking to docker.io/nursing/user-service:local 0.4s done
#30 DONE 2.3s

#31 resolving provenance for metadata file
#31 DONE 0.0s
 Image nursing/user-service:local Built 
